// Jest Snapshot v1, https://goo.gl/fbAQLP

exports[`MovieListContainer.test.js renders without crashing 1`] = `
<div
  className="container-fluid"
>
  <div
    className="row mt-3"
  >
    <div
      className="col"
    >
      <h1>
        Movie Universe
      </h1>
    </div>
  </div>
  <div
    className="row mt-3"
  >
    <div
      className="col"
    >
      <div
        className="btn-group"
        role="group"
      >
        <button
          className="btn btn-primary"
          onClick={[Function]}
          type="button"
        >
          <i
            aria-hidden="true"
            className="fa fa-plus"
          />
           New
        </button>
        <button
          className="btn btn-warning ml-2"
          onClick={[Function]}
          type="button"
        >
          <i
            aria-hidden="true"
            className="fa fa-pencil"
          />
           Edit
        </button>
        <button
          className="btn btn-danger ml-2"
          onClick={[Function]}
          type="button"
        >
          <i
            aria-hidden="true"
            className="fa fa-trash-o"
            onClick={[Function]}
          />
           Delete
        </button>
      </div>
    </div>
  </div>
  <div
    className="row"
  >
    <div
      className="col"
    >
      <MovieList
        handleRowSelect={[Function]}
        movies={
          Array [
            Object {
              "title": "movie",
            },
          ]
        }
      />
    </div>
  </div>
  <div
    className="row"
  >
    <div
      className="col"
    >
      <MovieGraph
        movies={
          Array [
            Object {
              "title": "movie",
            },
          ]
        }
      />
    </div>
  </div>
</div>
`;
